// Jest Snapshot v1, https://goo.gl/fbAQLP

exports[`render Card correctly 1`] = `
<div
  className="container"
>
  <div>
    0
  </div>
  <div>
    name
  </div>
  <img
    alt="name"
    height="200"
    loading="lazy"
    src=""
    width="200"
  />
</div>
`;
